⚡ Testing Efficient QA Agent

╭───────────────────────╮
│ ⚡ Efficient QA Agent │
│ PR #28                │
╰───────────────────────╯

Phase 1: Analyze PR

Iteration 1/10
🔧 get_pr_summary
   ✓ PR has 16 changed files

Iteration 2/10
🔧 read_file
   ✓ Read frontend/src/components/Dashboard.jsx

Iteration 3/10
🔧 write_test
   ✓ Wrote test: dashboard.spec.ts

Iteration 4/10
🔧 run_tests
   ▶ npx playwright test
   FAILED

Iteration 5/10
🔧 finish

============================================================
FINAL REPORT
============================================================

## QA Report for PR #28

**Status:** FAILED

**Summary:**
Tested new admin dashboard implementation. Test revealed some issues with 
component rendering and interaction. Specific problems include:
1. Sidebar and navigation element visibility
2. Metrics cards and user table loading
3. Sidebar toggle functionality

Recommendation: Review component implementations, ensure proper routing, and 
verify that all elements are correctly rendered and interactive.

**Recommendations:**
1. Check routing configuration
2. Verify component prop passing
3. Ensure all components are correctly imported and rendered
4. Add error handling for data loading
5. Review accessibility and interaction states

---
*Generated by Efficient Autonomous QA Agent*

