⚡ Testing Efficient QA Agent

╭───────────────────────╮
│ ⚡ Efficient QA Agent │
│ PR #28                │
╰───────────────────────╯

Phase 1: Analyze PR

Iteration 1/10
🔧 get_pr_summary
   ✓ PR has 16 changed files

Iteration 2/10
🔧 check_routing
   ✓ Checked routing for /dashboard
      Route exists: False, Has router: False, Total routes: 0

Iteration 3/10
🔧 read_file
   ✓ Read frontend/src/App.jsx

Iteration 4/10
🔧 read_file
   ✓ Read frontend/src/components/Dashboard.jsx

Iteration 5/10
🔧 write_test
   ✓ Wrote test: dashboard.spec.ts

Iteration 6/10
🔧 run_tests
   ▶ npx playwright test tests/qa/dashboard.spec.ts
   FAILED
   Full test output (first 2000 chars):

Running 2 tests using 1 worker

  ✘  1  › tests/qa/dashboard.spec.ts:3:1 › Dashboard loads and displays key 
components (10.4s)
  ✘  2  › tests/qa/dashboard.spec.ts:29:1 › Sidebar toggle functionality works 
(10.5s)


  1)  › tests/qa/dashboard.spec.ts:3:1 › Dashboard loads and displays key 
components ─────

    Error: [2mexpect([22m[31mlocator[39m[2m).[22mtoBeVisible[2m([22m[2m)[22m
failed

    Locator: locator('.top-nav')
    Expected: visible
    Timeout: 10000ms
    Error: element(s) not found

    Call log:
    [2m  - Expect "toBeVisible" with timeout 10000ms[22m
    [2m  - waiting for locator('.top-nav')[22m


       7 |   // Check for top navigation
       8 |   const topNav = await page.locator('.top-nav');
    >  9 |   await expect(topNav).toBeVisible();
         |                        ^
      10 |
      11 |   // Check for sidebar
      12 |   const sidebar = await page.locator('.sidebar');
        at 
/private/var/folders/dj/d4sqyptn3t78mw30z8vv9w0w0000gn/T/qa-test-urvqj8x7/sandbo
x/frontend/tests/qa/dashboard.spec.ts:9:24

    attachment #1: screenshot (image/png) 
──────────────────────────────────────────────────────────
    test-results/dashboard-Dashboard-loads-and-displays-key-components-chromium/
test-failed-1.png
    ────────────────────────────────────────────────────────────────────────────
────────────────────

    attachment #2: video (video/webm) 
──────────────────────────────────────────────────────────────
    test-results/dashboard-Dashboard-loads-and-displays-key-components-chromium/
video.webm
    ────────────────────────────────────────────────────────────────────────────
────────────────────

    Error Context: 
test-results/dashboard-Dashboard-loads-and-displays-key-components-chromium/erro
r-context.md

    attachment #4: trace (application/zip) 
─────────────────────────────────────────────────────────
    test-results/dashboard-Dashboard-loads-and-displays-key-components-chromium/
trace.zip
    Usa

Iteration 7/10
🔧 write_test
   ✓ Wrote test: dashboard.spec.ts

Iteration 8/10
🔧 run_tests
   ▶ npx playwright test tests/qa/dashboard.spec.ts
   FAILED
   Full test output (first 2000 chars):

Running 2 tests using 1 worker

  ✘  1  › tests/qa/dashboard.spec.ts:3:1 › Dashboard loads and displays key 
components (10.4s)
  ✘  2  › tests/qa/dashboard.spec.ts:29:1 › Dashboard loading screen works 
(10.4s)


  1)  › tests/qa/dashboard.spec.ts:3:1 › Dashboard loads and displays key 
components ─────

    Error: [2mexpect([22m[31mlocator[39m[2m).[22mtoBeVisible[2m([22m[2m)[22m
failed

    Locator: locator('.dashboard-container .top-nav')
    Expected: visible
    Timeout: 10000ms
    Error: element(s) not found

    Call log:
    [2m  - Expect "toBeVisible" with timeout 10000ms[22m
    [2m  - waiting for locator('.dashboard-container .top-nav')[22m


       8 |   // Check for top navigation
       9 |   const topNav = await page.locator('.dashboard-container .top-nav');
    > 10 |   await expect(topNav).toBeVisible();
         |                        ^
      11 |
      12 |   // Check for sidebar
      13 |   const sidebar = await page.locator('.dashboard-container 
.sidebar');
        at 
/private/var/folders/dj/d4sqyptn3t78mw30z8vv9w0w0000gn/T/qa-test-urvqj8x7/sandbo
x/frontend/tests/qa/dashboard.spec.ts:10:24

    attachment #1: screenshot (image/png) 
──────────────────────────────────────────────────────────
    test-results/dashboard-Dashboard-loads-and-displays-key-components-chromium/
test-failed-1.png
    ────────────────────────────────────────────────────────────────────────────
────────────────────

    attachment #2: video (video/webm) 
──────────────────────────────────────────────────────────────
    test-results/dashboard-Dashboard-loads-and-displays-key-components-chromium/
video.webm
    ────────────────────────────────────────────────────────────────────────────
────────────────────

    Error Context: 
test-results/dashboard-Dashboard-loads-and-displays-key-components-chromium/erro
r-context.md

    attachment #4: trace (application/zip) 
─────────────────────────────────────────────────────────
    test-results

Iteration 9/10
🔧 finish

============================================================
FINAL REPORT
============================================================

## QA Report for PR #28

**Status:** FAILED

**Summary:**
PR #28 introduces a new Dashboard component, but routing and integration are not
complete. 

Key Findings:
1. Dashboard component created with multiple subcomponents (TopNav, Sidebar, 
MetricsCards, Charts, UserTable)
2. Current App.jsx is still a login screen
3. /dashboard route does not exist
4. Tests failed due to missing routing and component integration

Recommendations:
1. Implement React Router to create /dashboard route
2. Update App.jsx to handle routing between login and dashboard
3. Ensure proper authentication flow before rendering Dashboard
4. Add more robust error handling and loading states

**Recommendations:**
None

---
*Generated by Efficient Autonomous QA Agent*

